// Jest Snapshot v1, https://goo.gl/fbAQLP

exports[`Counter should render component 1`] = `
<div>
  <section>
    <h2>
      Counter component
    </h2>
    <p>
      0
    </p>
    <button
      type="button"
    >
      +1
    </button>
    <button
      type="button"
    >
      -1
    </button>
  </section>
</div>
`;
